// Vitest Snapshot v1, https://vitest.dev/guide/snapshot.html

exports[`merge > merges theme with override and matches previous snapshot 1`] = `
{
  "contexts": {
    "navigation": {
      "id": "navigation",
      "selector": ".navigation",
      "tokens": {
        "boxShadow": {
          "dark": "purple",
          "light": "purple",
        },
        "buttonShadow": {
          "dark": "green",
          "light": "red",
        },
        "shadow": {
          "dark": "{brown}",
          "light": "pink",
        },
      },
    },
  },
  "id": "root",
  "modes": {
    "color": {
      "id": "color",
      "states": {
        "dark": {
          "media": "not print",
          "selector": ".dark",
        },
        "light": {
          "default": true,
        },
      },
    },
    "density": {
      "id": "density",
      "states": {
        "comfortable": {
          "default": true,
        },
        "compact": {
          "selector": ".compact",
        },
      },
    },
    "motion": {
      "id": "motion",
      "states": {
        "default": {
          "default": true,
        },
        "disabled": {
          "selector": ".disabled-motion",
        },
      },
    },
  },
  "selector": "body",
  "tokenModeMap": {
    "appear": "motion",
    "boxShadow": "color",
    "buttonShadow": "color",
    "lineShadow": "color",
    "scaledSize": "density",
    "shadow": "color",
  },
  "tokens": {
    "appear": {
      "default": "20ms",
      "disabled": "0",
    },
    "black": "black",
    "boxShadow": {
      "dark": "{brown}",
      "light": "green",
    },
    "brown": "brown",
    "buttonShadow": {
      "dark": "red",
      "light": "red",
    },
    "containerShadowBase": "2px 3px orange, -1px 0 8px olive",
    "fontFamilyBase": ""Helvetica Neue", Arial, sans-serif",
    "fontFamilyBody": "{fontFamilyBase}",
    "grey": "grey",
    "lineShadow": {
      "dark": "pink",
      "light": "pink",
    },
    "medium": "3px",
    "modalShadowContainer": "{containerShadowBase}",
    "scaledSize": {
      "comfortable": "{medium}",
      "compact": "{small}",
    },
    "shadow": {
      "dark": "orange",
      "light": "yellow",
    },
    "small": "1px",
  },
}
`;
