// Vitest Snapshot v1, https://vitest.dev/guide/snapshot.html

exports[`jsonToSass > converts empty json to sass map 1`] = `
"(
    
  )"
`;

exports[`jsonToSass > converts json to sass map 1`] = `
"(
    'first': "abcd",
'second': (
    'third': "efgh",
'fourth': (
    'fifth': "ilmn"
  )
  )
  )"
`;
